export const snapshot = {};

snapshot[`'downstream' function 1`] = `6401`;

snapshot[`'downstream' function 2`] = `64001`;
