export const snapshot = {};

snapshot[`'downstream' function 1`] = `6401`;
