export const snapshot = {};

snapshot[`Demo Test 1`] = `64001`;
